service_name: "test_service"
allocate_operation {
  operation_id: "operation_id"
  method_name: "operation_name"
  consumer_id: "project:project_id"
  labels {
    key: "servicecontrol.googleapis.com/caller_ip"
    value: "1.2.3.4"
  }
  labels {
    key: "servicecontrol.googleapis.com/referer"
    value: "referer"
  }
  labels {
    key: "servicecontrol.googleapis.com/service_agent"
    value: "ESPv2/"
  }
  labels {
    key: "servicecontrol.googleapis.com/user_agent"
    value: "ESPv2"
  }
  quota_metrics {
    metric_name: "metric_first"
    metric_values {
      int64_value: 1
    }
  }
  quota_metrics {
    metric_name: "metric_second"
    metric_values {
      int64_value: 2
    }
  }
  quota_mode: NORMAL
}
service_config_id: "2016-09-19r0"
