service_name: "test_service"
operations {
  operation_id: "operation_id"
  operation_name: "operation_name"
  consumer_id: "api_key:api_key_x"
  start_time {
    seconds: 100000
    nanos: 100000
  }
  end_time {
    seconds: 100000
    nanos: 100000
  }
  labels {
    key: "/credential_id"
    value: "apikey:api_key_x"
  }
  labels {
    key: "/protocol"
    value: "unknown"
  }
  labels {
    key: "/response_code"
    value: "200"
  }
  labels {
    key: "/response_code_class"
    value: "2xx"
  }
  labels {
    key: "/status_code"
    value: "0"
  }
  labels {
    key: "cloud.googleapis.com/location"
    value: "global"
  }
  labels {
    key: "servicecontrol.googleapis.com/platform"
    value: "UNKNOWN(ESPv2)"
  }
  labels {
    key: "servicecontrol.googleapis.com/service_agent"
    value: "ESPv2/{{service_agent_version}}"
  }
  labels {
    key: "servicecontrol.googleapis.com/user_agent"
    value: "ESPv2"
  }
  metric_value_sets {
    metric_name: "serviceruntime.googleapis.com/api/consumer/request_count"
    metric_values {
      int64_value: 1
    }
  }
  metric_value_sets {
    metric_name: "serviceruntime.googleapis.com/api/producer/request_count"
    metric_values {
      int64_value: 1
    }
  }
  log_entries {
    struct_payload {
      fields {
        key: "api_key"
        value {
          string_value: "api_key_x"
        }
      }
      fields {
        key: "api_key_state"
        value {
          string_value: "VERIFIED"
        }
      }
      fields {
        key: "http_response_code"
        value {
          number_value: 200
        }
      }
      fields {
        key: "producer_project_id"
        value {
          string_value: "project_id"
        }
      }
      fields {
        key: "service_agent"
        value {
          string_value: "ESPv2/TEST.0.0"
        }
      }
      fields {
        key: "service_config_id"
        value {
          string_value: "2016-09-19r0"
        }
      }
      fields {
        key: "timestamp"
        value {
          number_value: 100000.0001
        }
      }
    }
    name: "local_test_log"
    timestamp {
      seconds: 100000
      nanos: 100000
    }
    severity: INFO
  }
}
service_config_id: "2016-09-19r0"
